Archive member included because of file (symbol)

d:/imt_sdk_win_64/winavr/bin/../lib/gcc/avr/4.3.3/avr5\libgcc.a(_exit.o)
                              d:/imt_sdk_win_64/winavr/bin/../lib/gcc/avr/4.3.3/../../../../avr/lib/avr5/crtm32.o (exit)
d:/imt_sdk_win_64/winavr/bin/../lib/gcc/avr/4.3.3/avr5\libgcc.a(_copy_data.o)
                              ./MCAL/TIMERS/timers_program.o (__do_copy_data)
d:/imt_sdk_win_64/winavr/bin/../lib/gcc/avr/4.3.3/avr5\libgcc.a(_clear_bss.o)
                              ./MCAL/TIMERS/timers_program.o (__do_clear_bss)
d:/imt_sdk_win_64/winavr/bin/../lib/gcc/avr/4.3.3/../../../../avr/lib/avr5\libc.a(strcmp.o)
                              ./EEPROM_main.o (strcmp)

Memory Configuration

Name             Origin             Length             Attributes
text             0x00000000         0x00020000         xr
data             0x00800060         0x0000ffa0         rw !x
eeprom           0x00810000         0x00010000         rw !x
fuse             0x00820000         0x00000400         rw !x
lock             0x00830000         0x00000400         rw !x
signature        0x00840000         0x00000400         rw !x
*default*        0x00000000         0xffffffff

Linker script and memory map

LOAD d:/imt_sdk_win_64/winavr/bin/../lib/gcc/avr/4.3.3/../../../../avr/lib/avr5/crtm32.o
LOAD ./MCAL/USART/usart_program.o
LOAD ./MCAL/TIMERS/timers_program.o
LOAD ./MCAL/I2C/I2C_program.o
LOAD ./MCAL/DIO/dio_program.o
LOAD ./ECUAL/EEPROM/EEPROM_program.o
LOAD ./EEPROM_main.o
LOAD d:/imt_sdk_win_64/winavr/bin/../lib/gcc/avr/4.3.3/avr5\libgcc.a
LOAD d:/imt_sdk_win_64/winavr/bin/../lib/gcc/avr/4.3.3/../../../../avr/lib/avr5\libc.a
LOAD d:/imt_sdk_win_64/winavr/bin/../lib/gcc/avr/4.3.3/avr5\libgcc.a

.hash
 *(.hash)

.dynsym
 *(.dynsym)

.dynstr
 *(.dynstr)

.gnu.version
 *(.gnu.version)

.gnu.version_d
 *(.gnu.version_d)

.gnu.version_r
 *(.gnu.version_r)

.rel.init
 *(.rel.init)

.rela.init
 *(.rela.init)

.rel.text
 *(.rel.text)
 *(.rel.text.*)
 *(.rel.gnu.linkonce.t*)

.rela.text
 *(.rela.text)
 *(.rela.text.*)
 *(.rela.gnu.linkonce.t*)

.rel.fini
 *(.rel.fini)

.rela.fini
 *(.rela.fini)

.rel.rodata
 *(.rel.rodata)
 *(.rel.rodata.*)
 *(.rel.gnu.linkonce.r*)

.rela.rodata
 *(.rela.rodata)
 *(.rela.rodata.*)
 *(.rela.gnu.linkonce.r*)

.rel.data
 *(.rel.data)
 *(.rel.data.*)
 *(.rel.gnu.linkonce.d*)

.rela.data
 *(.rela.data)
 *(.rela.data.*)
 *(.rela.gnu.linkonce.d*)

.rel.ctors
 *(.rel.ctors)

.rela.ctors
 *(.rela.ctors)

.rel.dtors
 *(.rel.dtors)

.rela.dtors
 *(.rela.dtors)

.rel.got
 *(.rel.got)

.rela.got
 *(.rela.got)

.rel.bss
 *(.rel.bss)

.rela.bss
 *(.rela.bss)

.rel.plt
 *(.rel.plt)

.rela.plt
 *(.rela.plt)

.text           0x00000000     0x23b4
 *(.vectors)
 .vectors       0x00000000       0x54 d:/imt_sdk_win_64/winavr/bin/../lib/gcc/avr/4.3.3/../../../../avr/lib/avr5/crtm32.o
                0x00000000                __vectors
                0x00000000                __vector_default
 *(.vectors)
 *(.progmem.gcc*)
 *(.progmem*)
                0x00000054                . = ALIGN (0x2)
                0x00000054                __trampolines_start = .
 *(.trampolines)
 .trampolines   0x00000054        0x0 linker stubs
 *(.trampolines*)
                0x00000054                __trampolines_end = .
 *(.jumptables)
 *(.jumptables*)
 *(.lowtext)
 *(.lowtext*)
                0x00000054                __ctors_start = .
 *(.ctors)
                0x00000054                __ctors_end = .
                0x00000054                __dtors_start = .
 *(.dtors)
                0x00000054                __dtors_end = .
 SORT(*)(.ctors)
 SORT(*)(.dtors)
 *(.init0)
 .init0         0x00000054        0x0 d:/imt_sdk_win_64/winavr/bin/../lib/gcc/avr/4.3.3/../../../../avr/lib/avr5/crtm32.o
                0x00000054                __init
 *(.init0)
 *(.init1)
 *(.init1)
 *(.init2)
 .init2         0x00000054        0xc d:/imt_sdk_win_64/winavr/bin/../lib/gcc/avr/4.3.3/../../../../avr/lib/avr5/crtm32.o
 *(.init2)
 *(.init3)
 *(.init3)
 *(.init4)
 .init4         0x00000060       0x16 d:/imt_sdk_win_64/winavr/bin/../lib/gcc/avr/4.3.3/avr5\libgcc.a(_copy_data.o)
                0x00000060                __do_copy_data
 .init4         0x00000076       0x10 d:/imt_sdk_win_64/winavr/bin/../lib/gcc/avr/4.3.3/avr5\libgcc.a(_clear_bss.o)
                0x00000076                __do_clear_bss
 *(.init4)
 *(.init5)
 *(.init5)
 *(.init6)
 *(.init6)
 *(.init7)
 *(.init7)
 *(.init8)
 *(.init8)
 *(.init9)
 .init9         0x00000086        0x8 d:/imt_sdk_win_64/winavr/bin/../lib/gcc/avr/4.3.3/../../../../avr/lib/avr5/crtm32.o
 *(.init9)
 *(.text)
 .text          0x0000008e        0x4 d:/imt_sdk_win_64/winavr/bin/../lib/gcc/avr/4.3.3/../../../../avr/lib/avr5/crtm32.o
                0x0000008e                __vector_1
                0x0000008e                __vector_12
                0x0000008e                __bad_interrupt
                0x0000008e                __vector_6
                0x0000008e                __vector_3
                0x0000008e                __vector_13
                0x0000008e                __vector_17
                0x0000008e                __vector_19
                0x0000008e                __vector_7
                0x0000008e                __vector_5
                0x0000008e                __vector_4
                0x0000008e                __vector_9
                0x0000008e                __vector_2
                0x0000008e                __vector_15
                0x0000008e                __vector_8
                0x0000008e                __vector_14
                0x0000008e                __vector_16
                0x0000008e                __vector_18
                0x0000008e                __vector_20
 .text          0x00000092        0x0 ./MCAL/USART/usart_program.o
 .text          0x00000092        0x0 ./MCAL/TIMERS/timers_program.o
 .text          0x00000092        0x0 ./MCAL/I2C/I2C_program.o
 .text          0x00000092        0x0 ./MCAL/DIO/dio_program.o
 .text          0x00000092        0x0 ./ECUAL/EEPROM/EEPROM_program.o
 .text          0x00000092        0x0 ./EEPROM_main.o
 .text          0x00000092        0x0 d:/imt_sdk_win_64/winavr/bin/../lib/gcc/avr/4.3.3/avr5\libgcc.a(_exit.o)
 .text          0x00000092        0x0 d:/imt_sdk_win_64/winavr/bin/../lib/gcc/avr/4.3.3/avr5\libgcc.a(_copy_data.o)
 .text          0x00000092        0x0 d:/imt_sdk_win_64/winavr/bin/../lib/gcc/avr/4.3.3/avr5\libgcc.a(_clear_bss.o)
 .text          0x00000092        0x0 d:/imt_sdk_win_64/winavr/bin/../lib/gcc/avr/4.3.3/../../../../avr/lib/avr5\libc.a(strcmp.o)
                0x00000092                . = ALIGN (0x2)
 *(.text.*)
 .text.USART_voidInit
                0x00000092       0xe8 ./MCAL/USART/usart_program.o
                0x00000092                USART_voidInit
 .text.USART_u8TransData
                0x0000017a       0x72 ./MCAL/USART/usart_program.o
                0x0000017a                USART_u8TransData
 .text.USART_u8ReceiveData
                0x000001ec       0xb8 ./MCAL/USART/usart_program.o
                0x000001ec                USART_u8ReceiveData
 .text.USART_u8TransStr
                0x000002a4       0x70 ./MCAL/USART/usart_program.o
                0x000002a4                USART_u8TransStr
 .text.USART_u8ReceiveStr
                0x00000314       0xb0 ./MCAL/USART/usart_program.o
                0x00000314                USART_u8ReceiveStr
 .text.TIMERS_voidInit
                0x000003c4       0x7e ./MCAL/TIMERS/timers_program.o
                0x000003c4                TIMERS_voidInit
 .text.TIMER0_u8StartWithclockAndPrescalerSelect
                0x00000442      0x1c0 ./MCAL/TIMERS/timers_program.o
                0x00000442                TIMER0_u8StartWithclockAndPrescalerSelect
 .text.TIMER0_voidstop
                0x00000602       0x38 ./MCAL/TIMERS/timers_program.o
                0x00000602                TIMER0_voidstop
 .text.TIMERS_u8ClearIntFlag
                0x0000063a       0x64 ./MCAL/TIMERS/timers_program.o
                0x0000063a                TIMERS_u8ClearIntFlag
 .text.TIMERS_u8GetIntFlag
                0x0000069e       0x70 ./MCAL/TIMERS/timers_program.o
                0x0000069e                TIMERS_u8GetIntFlag
 .text.TIMERS_u8IntModesEn
                0x0000070e       0x80 ./MCAL/TIMERS/timers_program.o
                0x0000070e                TIMERS_u8IntModesEn
 .text.TIMERS_u8IntModesDis
                0x0000078e       0x64 ./MCAL/TIMERS/timers_program.o
                0x0000078e                TIMERS_u8IntModesDis
 .text.Timer0_u8setOverFlowRegTicksBeforeOV
                0x000007f2       0x2e ./MCAL/TIMERS/timers_program.o
                0x000007f2                Timer0_u8setOverFlowRegTicksBeforeOV
 .text.Timer0_u8setCompareRegTicksBeforeOV
                0x00000820       0x24 ./MCAL/TIMERS/timers_program.o
                0x00000820                Timer0_u8setCompareRegTicksBeforeOV
 .text.TIMER0_u8setCallBack
                0x00000844       0x76 ./MCAL/TIMERS/timers_program.o
                0x00000844                TIMER0_u8setCallBack
 .text.__vector_10
                0x000008ba       0x66 ./MCAL/TIMERS/timers_program.o
                0x000008ba                __vector_10
 .text.__vector_11
                0x00000920       0x66 ./MCAL/TIMERS/timers_program.o
                0x00000920                __vector_11
 .text.TIMER0_u8BusyWaitMS
                0x00000986      0x3d6 ./MCAL/TIMERS/timers_program.o
                0x00000986                TIMER0_u8BusyWaitMS
 .text.TIMER0_u8BusyWaitUS
                0x00000d5c       0xba ./MCAL/TIMERS/timers_program.o
                0x00000d5c                TIMER0_u8BusyWaitUS
 .text.TIMER0_u8InterruptWait
                0x00000e16       0xb8 ./MCAL/TIMERS/timers_program.o
                0x00000e16                TIMER0_u8InterruptWait
 .text.void_IntWaitControlFlagCount
                0x00000ece      0x26a ./MCAL/TIMERS/timers_program.o
                0x00000ece                void_IntWaitControlFlagCount
 .text.I2C_voidMasterInit
                0x00001138       0x3a ./MCAL/I2C/I2C_program.o
                0x00001138                I2C_voidMasterInit
 .text.I2C_u8MasterStartReq
                0x00001172       0x48 ./MCAL/I2C/I2C_program.o
                0x00001172                I2C_u8MasterStartReq
 .text.I2C_u8MasterRepeatStart
                0x000011ba       0x48 ./MCAL/I2C/I2C_program.o
                0x000011ba                I2C_u8MasterRepeatStart
 .text.I2C_voidMasterSendSLAWrite
                0x00001202       0x72 ./MCAL/I2C/I2C_program.o
                0x00001202                I2C_voidMasterSendSLAWrite
 .text.I2C_voidMasterSendSLARead
                0x00001274       0x82 ./MCAL/I2C/I2C_program.o
                0x00001274                I2C_voidMasterSendSLARead
 .text.I2C_voidMasterWriteData
                0x000012f6       0x58 ./MCAL/I2C/I2C_program.o
                0x000012f6                I2C_voidMasterWriteData
 .text.I2C_u8MasterReadData
                0x0000134e       0xce ./MCAL/I2C/I2C_program.o
                0x0000134e                I2C_u8MasterReadData
 .text.I2C_voidMasterStop
                0x0000141c       0x16 ./MCAL/I2C/I2C_program.o
                0x0000141c                I2C_voidMasterStop
 .text.I2C_voidSlaveInit
                0x00001432       0x26 ./MCAL/I2C/I2C_program.o
                0x00001432                I2C_voidSlaveInit
 .text.I2C_slaveReadAckReturned
                0x00001458       0x2c ./MCAL/I2C/I2C_program.o
                0x00001458                I2C_slaveReadAckReturned
 .text.I2C_slaveAckRead
                0x00001484       0x3a ./MCAL/I2C/I2C_program.o
                0x00001484                I2C_slaveAckRead
 .text.DIO_u8SetPinVal
                0x000014be      0x214 ./MCAL/DIO/dio_program.o
                0x000014be                DIO_u8SetPinVal
 .text.DIO_u8SetPinDir
                0x000016d2      0x214 ./MCAL/DIO/dio_program.o
                0x000016d2                DIO_u8SetPinDir
 .text.DIO_u8SetPortVal
                0x000018e6       0x94 ./MCAL/DIO/dio_program.o
                0x000018e6                DIO_u8SetPortVal
 .text.DIO_u8SetPortDir
                0x0000197a       0x94 ./MCAL/DIO/dio_program.o
                0x0000197a                DIO_u8SetPortDir
 .text.DIO_u8GetPinVal
                0x00001a0e      0x128 ./MCAL/DIO/dio_program.o
                0x00001a0e                DIO_u8GetPinVal
 .text.DIO_u8GetPortVal
                0x00001b36       0xa8 ./MCAL/DIO/dio_program.o
                0x00001b36                DIO_u8GetPortVal
 .text.DIO_u8TogPinVal
                0x00001bde      0x11a ./MCAL/DIO/dio_program.o
                0x00001bde                DIO_u8TogPinVal
 .text.DIO_voidDisablePullUps
                0x00001cf8       0x1c ./MCAL/DIO/dio_program.o
                0x00001cf8                DIO_voidDisablePullUps
 .text.DIO_voidEnablePullUps
                0x00001d14       0x1c ./MCAL/DIO/dio_program.o
                0x00001d14                DIO_voidEnablePullUps
 .text.EEPROM_voidInit
                0x00001d30       0x12 ./ECUAL/EEPROM/EEPROM_program.o
                0x00001d30                EEPROM_voidInit
 .text.EEPROM_u8WriteNeededPartBlock
                0x00001d42      0x10e ./ECUAL/EEPROM/EEPROM_program.o
                0x00001d42                EEPROM_u8WriteNeededPartBlock
 .text.EEPROM_u8WriteWantedByte
                0x00001e50       0x92 ./ECUAL/EEPROM/EEPROM_program.o
                0x00001e50                EEPROM_u8WriteWantedByte
 .text.EEPROM_u8ReadNeededPartBlock
                0x00001ee2      0x152 ./ECUAL/EEPROM/EEPROM_program.o
                0x00001ee2                EEPROM_u8ReadNeededPartBlock
 .text.EEPROM_u8ReadWantedByte
                0x00002034       0xb0 ./ECUAL/EEPROM/EEPROM_program.o
                0x00002034                EEPROM_u8ReadWantedByte
 .text.EEPROM_u8ReadCurrentByte
                0x000020e4       0x48 ./ECUAL/EEPROM/EEPROM_program.o
                0x000020e4                EEPROM_u8ReadCurrentByte
 .text.main     0x0000212c      0x104 ./EEPROM_main.o
                0x0000212c                main
 .text.u8_enterCheckPageVal
                0x00002230      0x16e ./EEPROM_main.o
                0x00002230                u8_enterCheckPageVal
 .text.libgcc   0x0000239e        0x0 d:/imt_sdk_win_64/winavr/bin/../lib/gcc/avr/4.3.3/avr5\libgcc.a(_exit.o)
 .text.libgcc   0x0000239e        0x0 d:/imt_sdk_win_64/winavr/bin/../lib/gcc/avr/4.3.3/avr5\libgcc.a(_copy_data.o)
 .text.libgcc   0x0000239e        0x0 d:/imt_sdk_win_64/winavr/bin/../lib/gcc/avr/4.3.3/avr5\libgcc.a(_clear_bss.o)
 .text.avr-libc
                0x0000239e       0x12 d:/imt_sdk_win_64/winavr/bin/../lib/gcc/avr/4.3.3/../../../../avr/lib/avr5\libc.a(strcmp.o)
                0x0000239e                strcmp
                0x000023b0                . = ALIGN (0x2)
 *(.fini9)
 .fini9         0x000023b0        0x0 d:/imt_sdk_win_64/winavr/bin/../lib/gcc/avr/4.3.3/avr5\libgcc.a(_exit.o)
                0x000023b0                exit
                0x000023b0                _exit
 *(.fini9)
 *(.fini8)
 *(.fini8)
 *(.fini7)
 *(.fini7)
 *(.fini6)
 *(.fini6)
 *(.fini5)
 *(.fini5)
 *(.fini4)
 *(.fini4)
 *(.fini3)
 *(.fini3)
 *(.fini2)
 *(.fini2)
 *(.fini1)
 *(.fini1)
 *(.fini0)
 .fini0         0x000023b0        0x4 d:/imt_sdk_win_64/winavr/bin/../lib/gcc/avr/4.3.3/avr5\libgcc.a(_exit.o)
 *(.fini0)
                0x000023b4                _etext = .

.data           0x00800060       0x7e load address 0x000023b4
                0x00800060                PROVIDE (__data_start, .)
 *(.data)
 .data          0x00800060        0x0 d:/imt_sdk_win_64/winavr/bin/../lib/gcc/avr/4.3.3/../../../../avr/lib/avr5/crtm32.o
 .data          0x00800060        0x0 ./MCAL/USART/usart_program.o
 .data          0x00800060        0x0 ./MCAL/TIMERS/timers_program.o
 .data          0x00800060        0x0 ./MCAL/I2C/I2C_program.o
 .data          0x00800060        0x0 ./MCAL/DIO/dio_program.o
 .data          0x00800060        0x0 ./ECUAL/EEPROM/EEPROM_program.o
 .data          0x00800060       0x7c ./EEPROM_main.o
 .data          0x008000dc        0x0 d:/imt_sdk_win_64/winavr/bin/../lib/gcc/avr/4.3.3/avr5\libgcc.a(_exit.o)
 .data          0x008000dc        0x0 d:/imt_sdk_win_64/winavr/bin/../lib/gcc/avr/4.3.3/avr5\libgcc.a(_copy_data.o)
 .data          0x008000dc        0x0 d:/imt_sdk_win_64/winavr/bin/../lib/gcc/avr/4.3.3/avr5\libgcc.a(_clear_bss.o)
 .data          0x008000dc        0x0 d:/imt_sdk_win_64/winavr/bin/../lib/gcc/avr/4.3.3/../../../../avr/lib/avr5\libc.a(strcmp.o)
 *(.data*)
 .data.gu8_FinishIntWaitFlag
                0x008000dc        0x1 ./MCAL/TIMERS/timers_program.o
                0x008000dc                gu8_FinishIntWaitFlag
 .data.gu8_FlagIfTimer0Used
                0x008000dd        0x1 ./MCAL/TIMERS/timers_program.o
 *(.rodata)
 *(.rodata*)
 *(.gnu.linkonce.d*)
                0x008000de                . = ALIGN (0x2)
                0x008000de                _edata = .
                0x008000de                PROVIDE (__data_end, .)

.bss            0x008000de        0xc
                0x008000de                PROVIDE (__bss_start, .)
 *(.bss)
 .bss           0x008000de        0x0 d:/imt_sdk_win_64/winavr/bin/../lib/gcc/avr/4.3.3/../../../../avr/lib/avr5/crtm32.o
 .bss           0x008000de        0x0 ./MCAL/USART/usart_program.o
 .bss           0x008000de        0x0 ./MCAL/TIMERS/timers_program.o
 .bss           0x008000de        0x0 ./MCAL/I2C/I2C_program.o
 .bss           0x008000de        0x0 ./MCAL/DIO/dio_program.o
 .bss           0x008000de        0x0 ./ECUAL/EEPROM/EEPROM_program.o
 .bss           0x008000de        0x0 ./EEPROM_main.o
 .bss           0x008000de        0x0 d:/imt_sdk_win_64/winavr/bin/../lib/gcc/avr/4.3.3/avr5\libgcc.a(_exit.o)
 .bss           0x008000de        0x0 d:/imt_sdk_win_64/winavr/bin/../lib/gcc/avr/4.3.3/avr5\libgcc.a(_copy_data.o)
 .bss           0x008000de        0x0 d:/imt_sdk_win_64/winavr/bin/../lib/gcc/avr/4.3.3/avr5\libgcc.a(_clear_bss.o)
 .bss           0x008000de        0x0 d:/imt_sdk_win_64/winavr/bin/../lib/gcc/avr/4.3.3/../../../../avr/lib/avr5\libc.a(strcmp.o)
 *(.bss*)
 .bss.Timer0CompareMatchSetCallBackISR
                0x008000de        0x2 ./MCAL/TIMERS/timers_program.o
 .bss.Timer0OverFlowSetCallBackISR
                0x008000e0        0x2 ./MCAL/TIMERS/timers_program.o
 .bss.gu64_IntWaitcounter
                0x008000e2        0x8 ./MCAL/TIMERS/timers_program.o
 *(COMMON)
                0x008000ea                PROVIDE (__bss_end, .)
                0x000023b4                __data_load_start = LOADADDR (.data)
                0x00002432                __data_load_end = (__data_load_start + SIZEOF (.data))

.noinit         0x008000ea        0x0
                0x008000ea                PROVIDE (__noinit_start, .)
 *(.noinit*)
                0x008000ea                PROVIDE (__noinit_end, .)
                0x008000ea                _end = .
                0x008000ea                PROVIDE (__heap_start, .)

.eeprom         0x00810000        0x0
 *(.eeprom*)
                0x00810000                __eeprom_end = .

.fuse
 *(.fuse)
 *(.lfuse)
 *(.hfuse)
 *(.efuse)

.lock
 *(.lock*)

.signature
 *(.signature*)

.stab           0x00000000     0x31f8
 *(.stab)
 .stab          0x00000000      0x684 ./MCAL/USART/usart_program.o
 .stab          0x00000684      0xd08 ./MCAL/TIMERS/timers_program.o
                                0xd14 (size before relaxing)
 .stab          0x0000138c      0x768 ./MCAL/I2C/I2C_program.o
                                0x774 (size before relaxing)
 .stab          0x00001af4      0x990 ./MCAL/DIO/dio_program.o
                                0x99c (size before relaxing)
 .stab          0x00002484      0x84c ./ECUAL/EEPROM/EEPROM_program.o
                                0x858 (size before relaxing)
 .stab          0x00002cd0      0x528 ./EEPROM_main.o
                                0x534 (size before relaxing)

.stabstr        0x00000000     0x12be
 *(.stabstr)
 .stabstr       0x00000000     0x12be ./MCAL/USART/usart_program.o

.stab.excl
 *(.stab.excl)

.stab.exclstr
 *(.stab.exclstr)

.stab.index
 *(.stab.index)

.stab.indexstr
 *(.stab.indexstr)

.comment
 *(.comment)

.debug
 *(.debug)

.line
 *(.line)

.debug_srcinfo
 *(.debug_srcinfo)

.debug_sfnames
 *(.debug_sfnames)

.debug_aranges
 *(.debug_aranges)

.debug_pubnames
 *(.debug_pubnames)

.debug_info
 *(.debug_info)
 *(.gnu.linkonce.wi.*)

.debug_abbrev
 *(.debug_abbrev)

.debug_line
 *(.debug_line)

.debug_frame
 *(.debug_frame)

.debug_str
 *(.debug_str)

.debug_loc
 *(.debug_loc)

.debug_macinfo
 *(.debug_macinfo)
OUTPUT(Read_Write_EEPROM.elf elf32-avr)
LOAD linker stubs
