Archive member included because of file (symbol)

d:/imt_sdk_win_64/winavr/bin/../lib/gcc/avr/4.3.3/avr5\libgcc.a(_exit.o)
                              d:/imt_sdk_win_64/winavr/bin/../lib/gcc/avr/4.3.3/../../../../avr/lib/avr5/crtm32.o (exit)

Memory Configuration

Name             Origin             Length             Attributes
text             0x00000000         0x00020000         xr
data             0x00800060         0x0000ffa0         rw !x
eeprom           0x00810000         0x00010000         rw !x
fuse             0x00820000         0x00000400         rw !x
lock             0x00830000         0x00000400         rw !x
signature        0x00840000         0x00000400         rw !x
*default*        0x00000000         0xffffffff

Linker script and memory map

LOAD d:/imt_sdk_win_64/winavr/bin/../lib/gcc/avr/4.3.3/../../../../avr/lib/avr5/crtm32.o
LOAD ./MCAL/I2C/I2C_program.o
LOAD ./MCAL/DIO/dio_program.o
LOAD ./main.o
LOAD d:/imt_sdk_win_64/winavr/bin/../lib/gcc/avr/4.3.3/avr5\libgcc.a
LOAD d:/imt_sdk_win_64/winavr/bin/../lib/gcc/avr/4.3.3/../../../../avr/lib/avr5\libc.a
LOAD d:/imt_sdk_win_64/winavr/bin/../lib/gcc/avr/4.3.3/avr5\libgcc.a

.hash
 *(.hash)

.dynsym
 *(.dynsym)

.dynstr
 *(.dynstr)

.gnu.version
 *(.gnu.version)

.gnu.version_d
 *(.gnu.version_d)

.gnu.version_r
 *(.gnu.version_r)

.rel.init
 *(.rel.init)

.rela.init
 *(.rela.init)

.rel.text
 *(.rel.text)
 *(.rel.text.*)
 *(.rel.gnu.linkonce.t*)

.rela.text
 *(.rela.text)
 *(.rela.text.*)
 *(.rela.gnu.linkonce.t*)

.rel.fini
 *(.rel.fini)

.rela.fini
 *(.rela.fini)

.rel.rodata
 *(.rel.rodata)
 *(.rel.rodata.*)
 *(.rel.gnu.linkonce.r*)

.rela.rodata
 *(.rela.rodata)
 *(.rela.rodata.*)
 *(.rela.gnu.linkonce.r*)

.rel.data
 *(.rel.data)
 *(.rel.data.*)
 *(.rel.gnu.linkonce.d*)

.rela.data
 *(.rela.data)
 *(.rela.data.*)
 *(.rela.gnu.linkonce.d*)

.rel.ctors
 *(.rel.ctors)

.rela.ctors
 *(.rela.ctors)

.rel.dtors
 *(.rel.dtors)

.rela.dtors
 *(.rela.dtors)

.rel.got
 *(.rel.got)

.rela.got
 *(.rela.got)

.rel.bss
 *(.rel.bss)

.rela.bss
 *(.rela.bss)

.rel.plt
 *(.rel.plt)

.rela.plt
 *(.rela.plt)

.text           0x00000000      0xc8a
 *(.vectors)
 .vectors       0x00000000       0x54 d:/imt_sdk_win_64/winavr/bin/../lib/gcc/avr/4.3.3/../../../../avr/lib/avr5/crtm32.o
                0x00000000                __vectors
                0x00000000                __vector_default
 *(.vectors)
 *(.progmem.gcc*)
 *(.progmem*)
                0x00000054                . = ALIGN (0x2)
                0x00000054                __trampolines_start = .
 *(.trampolines)
 .trampolines   0x00000054        0x0 linker stubs
 *(.trampolines*)
                0x00000054                __trampolines_end = .
 *(.jumptables)
 *(.jumptables*)
 *(.lowtext)
 *(.lowtext*)
                0x00000054                __ctors_start = .
 *(.ctors)
                0x00000054                __ctors_end = .
                0x00000054                __dtors_start = .
 *(.dtors)
                0x00000054                __dtors_end = .
 SORT(*)(.ctors)
 SORT(*)(.dtors)
 *(.init0)
 .init0         0x00000054        0x0 d:/imt_sdk_win_64/winavr/bin/../lib/gcc/avr/4.3.3/../../../../avr/lib/avr5/crtm32.o
                0x00000054                __init
 *(.init0)
 *(.init1)
 *(.init1)
 *(.init2)
 .init2         0x00000054        0xc d:/imt_sdk_win_64/winavr/bin/../lib/gcc/avr/4.3.3/../../../../avr/lib/avr5/crtm32.o
 *(.init2)
 *(.init3)
 *(.init3)
 *(.init4)
 *(.init4)
 *(.init5)
 *(.init5)
 *(.init6)
 *(.init6)
 *(.init7)
 *(.init7)
 *(.init8)
 *(.init8)
 *(.init9)
 .init9         0x00000060        0x8 d:/imt_sdk_win_64/winavr/bin/../lib/gcc/avr/4.3.3/../../../../avr/lib/avr5/crtm32.o
 *(.init9)
 *(.text)
 .text          0x00000068        0x4 d:/imt_sdk_win_64/winavr/bin/../lib/gcc/avr/4.3.3/../../../../avr/lib/avr5/crtm32.o
                0x00000068                __vector_1
                0x00000068                __vector_12
                0x00000068                __bad_interrupt
                0x00000068                __vector_6
                0x00000068                __vector_3
                0x00000068                __vector_11
                0x00000068                __vector_13
                0x00000068                __vector_17
                0x00000068                __vector_19
                0x00000068                __vector_7
                0x00000068                __vector_5
                0x00000068                __vector_4
                0x00000068                __vector_9
                0x00000068                __vector_2
                0x00000068                __vector_15
                0x00000068                __vector_8
                0x00000068                __vector_14
                0x00000068                __vector_10
                0x00000068                __vector_16
                0x00000068                __vector_18
                0x00000068                __vector_20
 .text          0x0000006c        0x0 ./MCAL/I2C/I2C_program.o
 .text          0x0000006c        0x0 ./MCAL/DIO/dio_program.o
 .text          0x0000006c        0x0 ./main.o
 .text          0x0000006c        0x0 d:/imt_sdk_win_64/winavr/bin/../lib/gcc/avr/4.3.3/avr5\libgcc.a(_exit.o)
                0x0000006c                . = ALIGN (0x2)
 *(.text.*)
 .text.I2C_voidMasterInit
                0x0000006c       0x3a ./MCAL/I2C/I2C_program.o
                0x0000006c                I2C_voidMasterInit
 .text.I2C_u8MasterStartReq
                0x000000a6       0x48 ./MCAL/I2C/I2C_program.o
                0x000000a6                I2C_u8MasterStartReq
 .text.I2C_u8MasterRepeatStart
                0x000000ee       0x48 ./MCAL/I2C/I2C_program.o
                0x000000ee                I2C_u8MasterRepeatStart
 .text.I2C_voidMasterSendSLAWrite
                0x00000136       0x72 ./MCAL/I2C/I2C_program.o
                0x00000136                I2C_voidMasterSendSLAWrite
 .text.I2C_voidMasterSendSLARead
                0x000001a8       0x82 ./MCAL/I2C/I2C_program.o
                0x000001a8                I2C_voidMasterSendSLARead
 .text.I2C_voidMasterWriteData
                0x0000022a       0x58 ./MCAL/I2C/I2C_program.o
                0x0000022a                I2C_voidMasterWriteData
 .text.I2C_u8MasterReadData
                0x00000282       0xce ./MCAL/I2C/I2C_program.o
                0x00000282                I2C_u8MasterReadData
 .text.I2C_voidMasterStop
                0x00000350       0x16 ./MCAL/I2C/I2C_program.o
                0x00000350                I2C_voidMasterStop
 .text.I2C_voidSlaveInit
                0x00000366       0x26 ./MCAL/I2C/I2C_program.o
                0x00000366                I2C_voidSlaveInit
 .text.I2C_slaveReadAckReturned
                0x0000038c       0x2c ./MCAL/I2C/I2C_program.o
                0x0000038c                I2C_slaveReadAckReturned
 .text.I2C_slaveAckRead
                0x000003b8       0x3a ./MCAL/I2C/I2C_program.o
                0x000003b8                I2C_slaveAckRead
 .text.DIO_u8SetPinVal
                0x000003f2      0x214 ./MCAL/DIO/dio_program.o
                0x000003f2                DIO_u8SetPinVal
 .text.DIO_u8SetPinDir
                0x00000606      0x214 ./MCAL/DIO/dio_program.o
                0x00000606                DIO_u8SetPinDir
 .text.DIO_u8SetPortVal
                0x0000081a       0x94 ./MCAL/DIO/dio_program.o
                0x0000081a                DIO_u8SetPortVal
 .text.DIO_u8SetPortDir
                0x000008ae       0x94 ./MCAL/DIO/dio_program.o
                0x000008ae                DIO_u8SetPortDir
 .text.DIO_u8GetPinVal
                0x00000942      0x128 ./MCAL/DIO/dio_program.o
                0x00000942                DIO_u8GetPinVal
 .text.DIO_u8GetPortVal
                0x00000a6a       0xa8 ./MCAL/DIO/dio_program.o
                0x00000a6a                DIO_u8GetPortVal
 .text.DIO_u8TogPinVal
                0x00000b12      0x11a ./MCAL/DIO/dio_program.o
                0x00000b12                DIO_u8TogPinVal
 .text.DIO_voidDisablePullUps
                0x00000c2c       0x1c ./MCAL/DIO/dio_program.o
                0x00000c2c                DIO_voidDisablePullUps
 .text.DIO_voidEnablePullUps
                0x00000c48       0x1c ./MCAL/DIO/dio_program.o
                0x00000c48                DIO_voidEnablePullUps
 .text.main     0x00000c64       0x22 ./main.o
                0x00000c64                main
 .text.libgcc   0x00000c86        0x0 d:/imt_sdk_win_64/winavr/bin/../lib/gcc/avr/4.3.3/avr5\libgcc.a(_exit.o)
                0x00000c86                . = ALIGN (0x2)
 *(.fini9)
 .fini9         0x00000c86        0x0 d:/imt_sdk_win_64/winavr/bin/../lib/gcc/avr/4.3.3/avr5\libgcc.a(_exit.o)
                0x00000c86                exit
                0x00000c86                _exit
 *(.fini9)
 *(.fini8)
 *(.fini8)
 *(.fini7)
 *(.fini7)
 *(.fini6)
 *(.fini6)
 *(.fini5)
 *(.fini5)
 *(.fini4)
 *(.fini4)
 *(.fini3)
 *(.fini3)
 *(.fini2)
 *(.fini2)
 *(.fini1)
 *(.fini1)
 *(.fini0)
 .fini0         0x00000c86        0x4 d:/imt_sdk_win_64/winavr/bin/../lib/gcc/avr/4.3.3/avr5\libgcc.a(_exit.o)
 *(.fini0)
                0x00000c8a                _etext = .

.data           0x00800060        0x0 load address 0x00000c8a
                0x00800060                PROVIDE (__data_start, .)
 *(.data)
 .data          0x00800060        0x0 d:/imt_sdk_win_64/winavr/bin/../lib/gcc/avr/4.3.3/../../../../avr/lib/avr5/crtm32.o
 .data          0x00800060        0x0 ./MCAL/I2C/I2C_program.o
 .data          0x00800060        0x0 ./MCAL/DIO/dio_program.o
 .data          0x00800060        0x0 ./main.o
 .data          0x00800060        0x0 d:/imt_sdk_win_64/winavr/bin/../lib/gcc/avr/4.3.3/avr5\libgcc.a(_exit.o)
 *(.data*)
 *(.rodata)
 *(.rodata*)
 *(.gnu.linkonce.d*)
                0x00800060                . = ALIGN (0x2)
                0x00800060                _edata = .
                0x00800060                PROVIDE (__data_end, .)

.bss            0x00800060        0x0
                0x00800060                PROVIDE (__bss_start, .)
 *(.bss)
 .bss           0x00800060        0x0 d:/imt_sdk_win_64/winavr/bin/../lib/gcc/avr/4.3.3/../../../../avr/lib/avr5/crtm32.o
 .bss           0x00800060        0x0 ./MCAL/I2C/I2C_program.o
 .bss           0x00800060        0x0 ./MCAL/DIO/dio_program.o
 .bss           0x00800060        0x0 ./main.o
 .bss           0x00800060        0x0 d:/imt_sdk_win_64/winavr/bin/../lib/gcc/avr/4.3.3/avr5\libgcc.a(_exit.o)
 *(.bss*)
 *(COMMON)
                0x00800060                PROVIDE (__bss_end, .)
                0x00000c8a                __data_load_start = LOADADDR (.data)
                0x00000c8a                __data_load_end = (__data_load_start + SIZEOF (.data))

.noinit         0x00800060        0x0
                0x00800060                PROVIDE (__noinit_start, .)
 *(.noinit*)
                0x00800060                PROVIDE (__noinit_end, .)
                0x00800060                _end = .
                0x00800060                PROVIDE (__heap_start, .)

.eeprom         0x00810000        0x0
 *(.eeprom*)
                0x00810000                __eeprom_end = .

.fuse
 *(.fuse)
 *(.lfuse)
 *(.hfuse)
 *(.efuse)

.lock
 *(.lock*)

.signature
 *(.signature*)

.stab           0x00000000     0x1344
 *(.stab)
 .stab          0x00000000      0x774 ./MCAL/I2C/I2C_program.o
 .stab          0x00000774      0x990 ./MCAL/DIO/dio_program.o
                                0x99c (size before relaxing)
 .stab          0x00001104      0x240 ./main.o
                                0x24c (size before relaxing)

.stabstr        0x00000000      0x8a3
 *(.stabstr)
 .stabstr       0x00000000      0x8a3 ./MCAL/I2C/I2C_program.o

.stab.excl
 *(.stab.excl)

.stab.exclstr
 *(.stab.exclstr)

.stab.index
 *(.stab.index)

.stab.indexstr
 *(.stab.indexstr)

.comment
 *(.comment)

.debug
 *(.debug)

.line
 *(.line)

.debug_srcinfo
 *(.debug_srcinfo)

.debug_sfnames
 *(.debug_sfnames)

.debug_aranges
 *(.debug_aranges)

.debug_pubnames
 *(.debug_pubnames)

.debug_info
 *(.debug_info)
 *(.gnu.linkonce.wi.*)

.debug_abbrev
 *(.debug_abbrev)

.debug_line
 *(.debug_line)

.debug_frame
 *(.debug_frame)

.debug_str
 *(.debug_str)

.debug_loc
 *(.debug_loc)

.debug_macinfo
 *(.debug_macinfo)
OUTPUT(I2C_MASTER_WRITE.elf elf32-avr)
LOAD linker stubs
